{
  '#1': "scheme:example1.com/foo/bar/baz {\n    ? match /web-path=(?<path>.*)/\n\n    # match \n        | id-1\n        | id-2\n        | /id-3/\n}\n\n/**\n * foo\n */\nscheme:example2.com/path/[param1]/[param2] {\n    /**\n     * bar\n     */\n    ? form {\n        /**\n         * baz\n         */\n        '' = ''\n        a\n        b\n        param1 = exact | match | value\n        param2 = /^[0-9]+$/\n        param3 [] = /^[a-z]+$/i\n    }\n\n    # match /id/\n}\n\nscheme:username@example3.com:4321 {\n    ? form {\n        'a' = /.*/\n        'b' = /.*/\n        'c-d' = /.*/\n        '/' = /.*/\n        '?' = /.*/\n        'f/' = /.*/\n        'g' = /.*/\n        'h' = /.*/\n    }\n}\n\n",
  '#2': "/**\n * Webview for resetting password of a user.\n */\n/webview/reset-password {\n    ? form {\n        /**\n         * Code sent via email.\n         */\n        token = /^.+$/\n    }\n}\n\n/**\n * Webview for a learning cell.\n */\n/webview/learning-cell {\n    ? form {\n        /**\n         * Learning cell id.\n         */\n        cellId = /^d+$/\n    }\n}\n\n/**\n * Webview for the coupon box\n */\n/webview/coupon/box {}\n\n/*\n   * Webview of Virtual Exam Report Page\n   */\n/webview/virtual-exam/report {\n    ? form {\n        /**\n         * Session ID (Learning Self Card)\n         */\n        sessionId = /^d+$/\n        /**\n         * It should be 'virtual_exam' if this page loaded after the virtual exam'\n         * It should be 'self' if this page loaded by clicking a self card with the ended virtual exam\n         */\n        referrer = virtual_exam | self\n    }\n}\n\n",
}