{
  '#1': [
    {
      start: 1,
      end: 129,
      head: {
        start: 18,
        end: 49,
        scheme: {
          start: 18,
          end: 24,
          text: 'scheme',
        },
        authority: {
          start: 25,
          end: 37,
          host: {
            start: 25,
            end: 37,
            text: 'example1.com',
          },
        },
        path: {
          start: 38,
          end: 49,
          fragments: [
            {
              type: 'static',
              start: 38,
              end: 41,
              text: 'foo',
            },
            {
              type: 'static',
              start: 42,
              end: 45,
              text: 'bar',
            },
            {
              type: 'static',
              start: 46,
              end: 49,
              text: 'baz',
            },
          ],
        },
        leadingComments: [],
        trailingComments: [],
      },
      tail: {
        start: 50,
        end: 129,
        openParens: {
          start: 50,
          end: 51,
          text: '{',
        },
        rules: [
          {
            tailType: {
              start: 54,
              end: 55,
              text: '?',
            },
            matchType: {
              start: 56,
              end: 61,
              text: 'match',
            },
            pattern: [
              {
                start: 62,
                end: 84,
                text: '/web-path=(?<path>.*)/',
                type: 'regex',
                leadingComments: [],
                trailingComments: [],
              },
            ],
            leadingComments: [],
            trailingComments: [],
          },
          {
            tailType: {
              start: 87,
              end: 88,
              text: '#',
            },
            matchType: {
              start: 89,
              end: 94,
              text: 'match',
            },
            pattern: [
              {
                start: 101,
                end: 105,
                text: 'id-1',
                type: 'id',
                leadingComments: [],
                trailingComments: [],
              },
              {
                start: 112,
                end: 116,
                text: 'id-2',
                type: 'id',
                leadingComments: [],
                trailingComments: [],
              },
              {
                start: 123,
                end: 127,
                text: 'id-3',
                type: 'id',
                leadingComments: [],
                trailingComments: [],
              },
            ],
            leadingComments: [],
            trailingComments: [],
          },
        ],
        closeParens: {
          start: 128,
          end: 129,
          text: '}',
        },
        leadingComments: [],
        trailingComments: [],
      },
      leadingComments: [
        {
          start: 1,
          end: 18,
          type: 'comment-group',
          comments: [
            {
              type: 'singleline-comment',
              start: 1,
              end: 18,
              text: '// Where is mine\n',
            },
          ],
        },
      ],
      trailingComments: [],
    },
  ],
  '#2': [
    {
      start: 1,
      end: 251,
      head: {
        start: 16,
        end: 57,
        scheme: {
          start: 16,
          end: 22,
          text: 'scheme',
        },
        authority: {
          start: 23,
          end: 35,
          host: {
            start: 23,
            end: 35,
            text: 'example2.com',
          },
        },
        path: {
          start: 36,
          end: 57,
          fragments: [
            {
              type: 'static',
              start: 36,
              end: 40,
              text: 'path',
            },
            {
              type: 'param',
              start: 42,
              end: 48,
              text: 'param1',
            },
            {
              type: 'param',
              start: 51,
              end: 57,
              text: 'param2',
            },
          ],
        },
        leadingComments: [],
        trailingComments: [],
      },
      tail: {
        start: 59,
        end: 251,
        openParens: {
          start: 59,
          end: 60,
          text: '{',
        },
        rules: [
          {
            openParens: {
              start: 91,
              end: 92,
              text: '{',
            },
            closeParens: {
              start: 233,
              end: 234,
              text: '}',
            },
            tailType: {
              start: 84,
              end: 85,
              text: '?',
            },
            matchType: {
              start: 86,
              end: 90,
              text: 'form',
            },
            pattern: [
              {
                start: 97,
                end: 131,
                key: {
                  start: 124,
                  end: 126,
                  text: "''",
                  type: 'string',
                },
                value: [
                  {
                    start: 129,
                    end: 131,
                    text: "''",
                    type: 'string',
                    leadingComments: [],
                    trailingComments: [],
                  },
                ],
                leadingComments: [
                  {
                    start: 97,
                    end: 119,
                    type: 'comment-group',
                    comments: [
                      {
                        type: 'document-comment',
                        start: 97,
                        end: 119,
                        text: '/**\n     * baz\n     */',
                      },
                    ],
                  },
                ],
                trailingComments: [],
              },
              {
                start: 136,
                end: 137,
                key: {
                  start: 136,
                  end: 137,
                  text: 'a',
                  type: 'id',
                },
                leadingComments: [],
                trailingComments: [],
              },
              {
                start: 142,
                end: 143,
                key: {
                  start: 142,
                  end: 143,
                  text: 'b',
                  type: 'id',
                },
                leadingComments: [],
                trailingComments: [],
              },
              {
                start: 148,
                end: 178,
                key: {
                  start: 148,
                  end: 154,
                  text: 'param1',
                  type: 'id',
                },
                value: [
                  {
                    start: 157,
                    end: 162,
                    text: 'exact',
                    type: 'id',
                    leadingComments: [],
                    trailingComments: [],
                  },
                  {
                    start: 165,
                    end: 170,
                    text: 'match',
                    type: 'id',
                    leadingComments: [],
                    trailingComments: [],
                  },
                  {
                    start: 173,
                    end: 178,
                    text: 'value',
                    type: 'id',
                    leadingComments: [],
                    trailingComments: [],
                  },
                ],
                leadingComments: [],
                trailingComments: [],
              },
              {
                start: 183,
                end: 202,
                key: {
                  start: 183,
                  end: 189,
                  text: 'param2',
                  type: 'id',
                },
                value: [
                  {
                    start: 192,
                    end: 202,
                    text: '/^[0-9]+$/',
                    type: 'regex',
                    leadingComments: [],
                    trailingComments: [],
                  },
                ],
                leadingComments: [],
                trailingComments: [],
              },
              {
                start: 207,
                end: 230,
                key: {
                  start: 207,
                  end: 213,
                  text: 'param3',
                  type: 'id',
                },
                array: {
                  start: 214,
                  end: 216,
                  text: '[]',
                },
                value: [
                  {
                    start: 219,
                    end: 230,
                    text: '/^[a-z]+$/i',
                    type: 'regex',
                    leadingComments: [],
                    trailingComments: [],
                  },
                ],
                leadingComments: [],
                trailingComments: [],
              },
            ],
            leadingComments: [
              {
                start: 63,
                end: 81,
                type: 'comment-group',
                comments: [
                  {
                    type: 'document-comment',
                    start: 63,
                    end: 81,
                    text: '/**\n   * bar\n   */',
                  },
                ],
              },
            ],
            trailingComments: [],
          },
          {
            tailType: {
              start: 237,
              end: 238,
              text: '#',
            },
            matchType: {
              start: 239,
              end: 244,
              text: 'match',
            },
            pattern: [
              {
                start: 245,
                end: 249,
                text: '/id/',
                type: 'regex',
                leadingComments: [],
                trailingComments: [],
              },
            ],
            leadingComments: [],
            trailingComments: [],
          },
        ],
        closeParens: {
          start: 250,
          end: 251,
          text: '}',
        },
        leadingComments: [],
        trailingComments: [],
      },
      leadingComments: [
        {
          start: 1,
          end: 15,
          type: 'comment-group',
          comments: [
            {
              type: 'document-comment',
              start: 1,
              end: 15,
              text: '/**\n * foo\n */',
            },
          ],
        },
      ],
      trailingComments: [],
    },
  ],
  '#3': [
    {
      start: 5,
      end: 96,
      head: {
        start: 42,
        end: 54,
        authority: {
          start: 42,
          end: 54,
          host: {
            start: 42,
            end: 54,
            text: 'example3.com',
          },
        },
        leadingComments: [],
        trailingComments: [],
      },
      tail: {
        start: 55,
        end: 96,
        openParens: {
          start: 55,
          end: 56,
          text: '{',
        },
        rules: [
          {
            tailType: {
              start: 78,
              end: 79,
              text: '#',
            },
            matchType: {
              start: 80,
              end: 85,
              text: 'match',
            },
            pattern: [
              {
                start: 86,
                end: 90,
                text: '/id/',
                type: 'regex',
                leadingComments: [],
                trailingComments: [],
              },
            ],
            leadingComments: [
              {
                start: 63,
                end: 72,
                type: 'comment-group',
                comments: [
                  {
                    type: 'singleline-comment',
                    start: 63,
                    end: 72,
                    text: '// hello\n',
                  },
                ],
              },
            ],
            trailingComments: [],
          },
        ],
        closeParens: {
          start: 95,
          end: 96,
          text: '}',
        },
        leadingComments: [],
        trailingComments: [],
      },
      leadingComments: [
        {
          start: 5,
          end: 36,
          type: 'comment-group',
          comments: [
            {
              type: 'document-comment',
              start: 5,
              end: 36,
              text: '/**\n     * Comment here\n     */',
            },
          ],
        },
      ],
      trailingComments: [],
    },
  ],
  '#4': [
    {
      start: 1,
      end: 176,
      head: {
        start: 1,
        end: 34,
        scheme: {
          start: 1,
          end: 7,
          text: 'scheme',
        },
        authority: {
          start: 8,
          end: 34,
          userinfo: {
            start: 8,
            end: 16,
            text: 'username',
          },
          host: {
            start: 17,
            end: 29,
            text: 'example3.com',
          },
          port: {
            start: 30,
            end: 34,
            text: '4321',
          },
        },
        leadingComments: [],
        trailingComments: [],
      },
      tail: {
        start: 35,
        end: 176,
        openParens: {
          start: 35,
          end: 36,
          text: '{',
        },
        rules: [
          {
            openParens: {
              start: 46,
              end: 47,
              text: '{',
            },
            closeParens: {
              start: 173,
              end: 174,
              text: '}',
            },
            tailType: {
              start: 39,
              end: 40,
              text: '?',
            },
            matchType: {
              start: 41,
              end: 45,
              text: 'form',
            },
            pattern: [
              {
                start: 52,
                end: 62,
                key: {
                  start: 52,
                  end: 55,
                  text: "'a'",
                  type: 'string',
                },
                value: [
                  {
                    start: 58,
                    end: 62,
                    text: '/.*/',
                    type: 'regex',
                    leadingComments: [],
                    trailingComments: [],
                  },
                ],
                leadingComments: [],
                trailingComments: [],
              },
              {
                start: 67,
                end: 77,
                key: {
                  start: 67,
                  end: 70,
                  text: "'b'",
                  type: 'string',
                },
                value: [
                  {
                    start: 73,
                    end: 77,
                    text: '/.*/',
                    type: 'regex',
                    leadingComments: [],
                    trailingComments: [],
                  },
                ],
                leadingComments: [],
                trailingComments: [],
              },
              {
                start: 82,
                end: 94,
                key: {
                  start: 82,
                  end: 87,
                  text: "'c-d'",
                  type: 'string',
                },
                value: [
                  {
                    start: 90,
                    end: 94,
                    text: '/.*/',
                    type: 'regex',
                    leadingComments: [],
                    trailingComments: [],
                  },
                ],
                leadingComments: [],
                trailingComments: [],
              },
              {
                start: 99,
                end: 109,
                key: {
                  start: 99,
                  end: 102,
                  text: "'/'",
                  type: 'string',
                },
                value: [
                  {
                    start: 105,
                    end: 109,
                    text: '/.*/',
                    type: 'regex',
                    leadingComments: [],
                    trailingComments: [],
                  },
                ],
                leadingComments: [],
                trailingComments: [],
              },
              {
                start: 114,
                end: 124,
                key: {
                  start: 114,
                  end: 117,
                  text: "'?'",
                  type: 'string',
                },
                value: [
                  {
                    start: 120,
                    end: 124,
                    text: '/.*/',
                    type: 'regex',
                    leadingComments: [],
                    trailingComments: [],
                  },
                ],
                leadingComments: [],
                trailingComments: [],
              },
              {
                start: 129,
                end: 140,
                key: {
                  start: 129,
                  end: 133,
                  text: "'f/'",
                  type: 'string',
                },
                value: [
                  {
                    start: 136,
                    end: 140,
                    text: '/.*/',
                    type: 'regex',
                    leadingComments: [],
                    trailingComments: [],
                  },
                ],
                leadingComments: [],
                trailingComments: [],
              },
              {
                start: 145,
                end: 155,
                key: {
                  start: 145,
                  end: 148,
                  text: "'g'",
                  type: 'string',
                },
                value: [
                  {
                    start: 151,
                    end: 155,
                    text: '/.*/',
                    type: 'regex',
                    leadingComments: [],
                    trailingComments: [],
                  },
                ],
                leadingComments: [],
                trailingComments: [],
              },
              {
                start: 160,
                end: 170,
                key: {
                  start: 160,
                  end: 163,
                  text: "'h'",
                  type: 'string',
                },
                value: [
                  {
                    start: 166,
                    end: 170,
                    text: '/.*/',
                    type: 'regex',
                    leadingComments: [],
                    trailingComments: [],
                  },
                ],
                leadingComments: [],
                trailingComments: [],
              },
            ],
            leadingComments: [],
            trailingComments: [],
          },
        ],
        closeParens: {
          start: 175,
          end: 176,
          text: '}',
        },
        leadingComments: [],
        trailingComments: [],
      },
      leadingComments: [],
      trailingComments: [],
    },
  ],
  '#5': [
    {
      start: 1,
      end: 43,
      head: {
        start: 1,
        end: 13,
        authority: {
          start: 1,
          end: 13,
          host: {
            start: 1,
            end: 13,
            text: 'example3.com',
          },
        },
        leadingComments: [],
        trailingComments: [],
      },
      tail: {
        start: 14,
        end: 43,
        openParens: {
          start: 14,
          end: 15,
          text: '{',
        },
        rules: [
          {
            tailType: {
              start: 29,
              end: 30,
              text: '#',
            },
            matchType: {
              start: 31,
              end: 36,
              text: 'match',
            },
            pattern: [
              {
                start: 37,
                end: 41,
                text: '/id/',
                type: 'regex',
                leadingComments: [],
                trailingComments: [],
              },
            ],
            leadingComments: [
              {
                start: 18,
                end: 27,
                type: 'comment-group',
                comments: [
                  {
                    type: 'singleline-comment',
                    start: 18,
                    end: 27,
                    text: '// hello\n',
                  },
                ],
              },
            ],
            trailingComments: [],
          },
        ],
        closeParens: {
          start: 42,
          end: 43,
          text: '}',
        },
        leadingComments: [],
        trailingComments: [],
      },
      leadingComments: [],
      trailingComments: [],
    },
    {
      start: 45,
      end: 87,
      head: {
        start: 52,
        end: 68,
        scheme: {
          start: 52,
          end: 64,
          text: 'example2.com',
        },
        authority: {
          start: 65,
          end: 68,
          host: {
            start: 65,
            end: 68,
            text: '123',
          },
        },
        leadingComments: [],
        trailingComments: [],
      },
      tail: {
        start: 69,
        end: 87,
        openParens: {
          start: 69,
          end: 70,
          text: '{',
        },
        rules: [
          {
            tailType: {
              start: 73,
              end: 74,
              text: '#',
            },
            matchType: {
              start: 75,
              end: 80,
              text: 'match',
            },
            pattern: [
              {
                start: 81,
                end: 85,
                text: '/id/',
                type: 'regex',
                leadingComments: [],
                trailingComments: [],
              },
            ],
            leadingComments: [],
            trailingComments: [],
          },
        ],
        closeParens: {
          start: 86,
          end: 87,
          text: '}',
        },
        leadingComments: [],
        trailingComments: [],
      },
      leadingComments: [
        {
          start: 45,
          end: 52,
          type: 'comment-group',
          comments: [
            {
              type: 'singleline-comment',
              start: 45,
              end: 52,
              text: '// bye\n',
            },
          ],
        },
      ],
      trailingComments: [],
    },
  ],
  '#6': [
    {
      start: 1,
      end: 312,
      head: {
        start: 55,
        end: 77,
        path: {
          start: 55,
          end: 77,
          fragments: [
            {
              type: 'static',
              start: 55,
              end: 62,
              text: 'webview',
            },
            {
              type: 'static',
              start: 63,
              end: 77,
              text: 'reset-password',
            },
          ],
        },
        leadingComments: [],
        trailingComments: [],
      },
      tail: {
        start: 78,
        end: 312,
        openParens: {
          start: 78,
          end: 79,
          text: '{',
        },
        rules: [
          {
            openParens: {
              start: 91,
              end: 92,
              text: '{',
            },
            closeParens: {
              start: 309,
              end: 310,
              text: '}',
            },
            tailType: {
              start: 84,
              end: 85,
              text: '?',
            },
            matchType: {
              start: 86,
              end: 90,
              text: 'form',
            },
            pattern: [
              {
                start: 101,
                end: 171,
                key: {
                  start: 157,
                  end: 162,
                  text: 'token',
                  type: 'id',
                },
                value: [
                  {
                    start: 165,
                    end: 171,
                    text: '/^.+$/',
                    type: 'regex',
                    leadingComments: [],
                    trailingComments: [],
                  },
                ],
                leadingComments: [
                  {
                    start: 101,
                    end: 148,
                    type: 'comment-group',
                    comments: [
                      {
                        type: 'document-comment',
                        start: 101,
                        end: 148,
                        text: '/**\n         * Code sent via email.\n         */',
                      },
                    ],
                  },
                ],
                trailingComments: [],
              },
              {
                start: NaN,
                end: NaN,
                key: {
                  start: 236,
                  end: 241,
                  text: 'token',
                  type: 'id',
                },
                value: [
                  {
                    leadingComments: [],
                    trailingComments: [],
                  },
                  {
                    start: 257,
                    end: 263,
                    text: '/^.+$/',
                    type: 'regex',
                    leadingComments: [],
                    trailingComments: [],
                  },
                  {
                    start: 300,
                    end: 304,
                    text: '/.$/',
                    type: 'regex',
                    leadingComments: [],
                    trailingComments: [],
                  },
                ],
                leadingComments: [
                  {
                    start: 180,
                    end: 227,
                    type: 'comment-group',
                    comments: [
                      {
                        type: 'document-comment',
                        start: 180,
                        end: 227,
                        text: '/**\n         * Code sent via email.\n         */',
                      },
                    ],
                  },
                ],
                trailingComments: [],
              },
            ],
            leadingComments: [],
            trailingComments: [],
          },
        ],
        closeParens: {
          start: 311,
          end: 312,
          text: '}',
        },
        leadingComments: [],
        trailingComments: [],
      },
      leadingComments: [
        {
          start: 1,
          end: 53,
          type: 'comment-group',
          comments: [
            {
              type: 'document-comment',
              start: 1,
              end: 53,
              text: '/**\n * Webview for resetting password of a user.\n */',
            },
          ],
        },
      ],
      trailingComments: [],
    },
  ],
}